[www.duana.info/en.html]
[static.wixstatic.com/media/1bba6e_ace6926d4b7a4fb4a532531d0235da51_mv2.jpg/v1/fill/w_192,h_192,lg_1,usm_0.66_1.00_0.01/1bba6e_ace6926d4b7a4fb4a532531d0235da51_mv2.jpg]
[static.wixstatic.com/media/1bba6e_ace6926d4b7a4fb4a532531d0235da51_mv2.jpg/v1/fill/w_32,h_32,lg_1,usm_0.66_1.00_0.01/1bba6e_ace6926d4b7a4fb4a532531d0235da51_mv2.jpg]
[static.wixstatic.com/media/1bba6e_ace6926d4b7a4fb4a532531d0235da51_mv2.jpg/v1/fill/w_180,h_180,lg_1,usm_0.66_1.00_0.01/1bba6e_ace6926d4b7a4fb4a532531d0235da51_mv2.jpg]
[static.parastorage.com/unpkg/core-js-bundle@3.2.1/minified.js]
[static.parastorage.com/unpkg/focus-within-polyfill@5.0.9/dist/focus-within-polyfill.js]
[backblue.gif]
[fade.gif]
[index.html]
[polyfill-fastly.io/v3/polyfill.mind82c.js]
[static.wixstatic.com/media/1bba6e_12a7aaf54a334a3c8691486f6bfeb253_mv2.jpg/v1/fill/w_288,h_192,al_c,q_80,usm_0.66_1.00_0.01,blur_2,enc_avif,quality_auto/1bba6e_12a7aaf54a334a3c8691486f6bfeb253_mv2.jpg]
[static.wixstatic.com/media/1bba6e_3d70bb7b49f5449a83469511f04b1fbc_mv2.png/v1/crop/x_39,y_0,w_605,h_478/fill/w_143,h_113,al_c,q_85,usm_0.66_1.00_0.01,enc_av/Screenshot_20240109_114011_Gallery_edited.png]
[www.duana.info/index.html]
[www.duana.info/en/a-propos.html]
[www.duana.info/en/loyalty.html]
[www.duana.info/en/calendrier.html]
[www.duana.info/en/contact.html]
[www.duana.info/en/refer-friends.html]
[www.duana.info/en/faq.html]
[www.duana.info/en/politique-de-confidentialité.html]
[www.duana.info/en/book-online.html]
[www.duana.info/en/copie-de-lithothérapie.html]
[www.duana.info/en/services.html]
[www.duana.info/en/l-éveil-spirituel.html]
[www.duana.info/en/empathe.html]
[www.duana.info/en/medium.html]
[www.duana.info/en/voyante.html]
[www.duana.info/en/guérisseur.html]
[www.duana.info/en/chamane.html]
[www.duana.info/en/signes-et-messages-de-l-univers.html]
[www.duana.info/en/taux-vibratoire-vibratory-rate.html]
[www.duana.info/en/changement-de-time-line.html]
[www.duana.info/en/les-plumes.html]
[www.duana.info/en/les-heures-miroirs.html]
[www.duana.info/en/cycles-d-incarnations.html]
[www.duana.info/en/les-outils-de-divinations.html]
[www.duana.info/en/la-planche-de-divination.html]
[www.duana.info/en/les-runes.html]
[www.duana.info/en/copie-de-les-chandelles.html]
[www.duana.info/en/copie-de-la-boule-de-crystal.html]
[www.duana.info/en/la-boule-de-crystal.html]
[www.duana.info/en/les-cartes-divinatoires.html]
[www.duana.info/en/lithothérapie.html]
[www.duana.info/en/reiki.html]
[www.duana.info/en/vip.html]
[www.duana.info/en/livestrea.html]
[static.wixstatic.com/media/b540df_6e6521ce4bbb488ebaa3f972cd31ab9d_mv2.gif]
[www.duana.info/en/plans-pricing.html]
[www.paypalobjects.com/fr_FR/FR/i/btn/btn_donate_LG.gif]
[www.paypalobjects.com/fr_FR/i/scr/pixel.gif]
[static.parastorage.com/services/wix-thunderbolt/dist/8875.d06b9c87.bundle.min.js]
[browser.sentry-cdn.com/6.18.2/bundle.min.js]
[www.duana.info/sitemap.xml]
[www.duana.info/feed.31.delayed]
[static.parastorage.com/services/wix-thunderbolt/dist/thunderbolt-commons.367ce018.bundle.min.js]
[static.parastorage.com/services/wix-thunderbolt/dist/main.9eacba57.bundle.min.js]
[static.parastorage.com/services/wix-thunderbolt/dist/main.renderer.1d21f023.bundle.min.js]
[static.parastorage.com/unpkg/lodash@4.17.21/lodash.min.js]
[static.parastorage.com/unpkg/react@18.3.1/umd/react.production.min.js]
[static.parastorage.com/unpkg/react-dom@18.3.1/umd/react-dom.production.min.js]
[static.parastorage.com/services/ecom-platform-cart-icon/1.1116.0/CartIconViewerWidgetNoCss.bundle.min.js]
[static.parastorage.com/services/wix-thunderbolt/dist/browser-deprecation.bundle.es5.js]
[www.duana.info/decodeURIComponent(e.3a.delayed]
[static.parastorage.com/services/tag-manager-client/1.875.0/siteTags.bundle.min.js]
[www.duana.info/en.html]
[www.duana.info/a-propos.html]
[www.duana.info/loyalty.html]
[www.duana.info/calendrier.html]
[www.duana.info/contact.html]
[www.duana.info/refer-friends.html]
[www.duana.info/faq.html]
[www.duana.info/politique-de-confidentialité.html]
[www.duana.info/copie-de-lithothérapie.html]
[www.duana.info/book-online.html]
[www.duana.info/services.html]
[www.duana.info/l-éveil-spirituel.html]
[www.duana.info/empathe.html]
[www.duana.info/medium.html]
[www.duana.info/voyante.html]
[www.duana.info/guérisseur.html]
[www.duana.info/chamane.html]
[www.duana.info/signes-et-messages-de-l-univers.html]
[www.duana.info/taux-vibratoire-vibratory-rate.html]
[www.duana.info/changement-de-time-line.html]
[www.duana.info/les-plumes.html]
[www.duana.info/les-heures-miroirs.html]
[www.duana.info/cycles-d-incarnations.html]
[www.duana.info/les-outils-de-divinations.html]
[www.duana.info/la-planche-de-divination.html]
[www.duana.info/les-runes.html]
[www.duana.info/copie-de-les-chandelles.html]
[www.duana.info/copie-de-la-boule-de-crystal.html]
[www.duana.info/la-boule-de-crystal.html]
[www.duana.info/les-cartes-divinatoires.html]
[www.duana.info/reiki.html]
[www.duana.info/vip.html]
[www.duana.info/lithothérapie.html]
[www.duana.info/livestrea.html]
[www.duana.info/index.html]
[www.duana.info/plans-pricing.html]
[static.wixstatic.com/media/1bba6e_3b105e2d0cca4705863d7cfb364bcf51_mv2.jpg/v1/fill/w_277,h_432,al_c,q_80,usm_0.66_1.00_0.01,enc_avif,quality_auto/1bba6e_3b105e2d0cca4705863d7cfb364bcf51_mv2.jpg]
[www.duana.info/en/robots.5f.delayed]
[www.duana.info/en/sitemap.60.delayed]
[www.duana.info/en/feed.61.delayed]
[www.duana.info/en/decodeURIComponent(e.62.delayed]
[www.duana.info/en/a-propos.html]
[www.duana.info/en/loyalty.html]
[static.parastorage.com/services/loyalty-tpa/1.1875.0/LoyaltyPageViewerWidgetNoCss.bundle.min.js]
[static.wixstatic.com/media/1bba6e_12a7aaf54a334a3c8691486f6bfeb253_mv2.jpg/v1/fill/w_147,h_98,al_c,q_80,usm_0.66_1.00_0.01,blur_2,enc_avif,quality_auto/1bba6e_12a7aaf54a334a3c8691486f6bfeb253_mv2.jpg]
[www.duana.info/en/calendrier.html]
[www.duana.info/en/contact.html]
[static.wixstatic.com/media/c1a039_ec8a9c009e4b457cace3faf30918f586_mv2.png/v1/fill/w_49,h_33,al_c,q_85,usm_0.66_1.00_0.01,blur_2,enc_avif,quality_auto/Referrals program.png]
[www.duana.info/en/refer-friends.html]
[static.wixstatic.com/media/1bba6e_242f6a4139ba4af39b4fb4f84c1b2375_mv2.png/v1/fill/w_165,h_174,al_c,q_85,usm_0.66_1.00_0.01,enc_avif,quality_auto/1bba6e_242f6a4139ba4af39b4fb4f84c1b2375_mv2.png]
[www.duana.info/en/faq.html]
[www.duana.info/en/politique-de-confidentialité.html]
[static.wixstatic.com/media/1bba6e_1b7837cb29224386bc226e3bc8fb0eff_mv2.jpg/v1/fill/w_216,h_217,al_c,lg_1,q_80,enc_avif,quality_auto/stone.jpg]
[static.wixstatic.com/media/1bba6e_44a517ce6ac647e9b86a08082d6da3ab_mv2.jpg/v1/fill/w_216,h_217,al_c,q_80,usm_0.66_1.00_0.01,enc_avif,quality_auto/external-file_edited.jpg]
[www.duana.info/en/copie-de-lithothérapie.html]
[static.wixstatic.com/media/1bba6e_e6748a7970fe403aa757e371613b030e_mv2.jpg/v1/fill/w_40,h_50,al_c,q_80,usm_0.66_1.00_0.01,blur_3,enc_auto/1bba6e_e6748a7970fe403aa757e371613b030e_mv2.jpg]
[static.wixstatic.com/media/1bba6e_6fc378f26199462b9e67a106ef031513_mv2.jpg/v1/fill/w_50,h_37,al_c,q_80,usm_0.66_1.00_0.01,blur_3,enc_auto/1bba6e_6fc378f26199462b9e67a106ef031513_mv2.jpg]
[www.duana.info/booking-calendar/guidance-voyance-60-min.html]
[static.wixstatic.com/media/1bba6e_eac8a86955144945a1ebf8d2cb96df84_mv2.png/v1/fill/w_50,h_48,al_c,q_85,usm_0.66_1.00_0.01,blur_3,enc_auto/1bba6e_eac8a86955144945a1ebf8d2cb96df84_mv2.png]
[www.duana.info/booking-calendar/purification-de-domicile.html]
[static.wixstatic.com/media/1bba6e_28c3401c57414f89bb97fe3cc79b4fc3_mv2.jpg/v1/fill/w_50,h_26,al_c,q_80,usm_0.66_1.00_0.01,blur_3,enc_auto/1bba6e_28c3401c57414f89bb97fe3cc79b4fc3_mv2.jpg]
[www.duana.info/booking-calendar/guidance-voyance-30-min.html]
[static.wixstatic.com/media/1bba6e_297566610aae468e904deed84a0e0ba8_mv2.jpg/v1/fill/w_50,h_36,al_c,q_80,usm_0.66_1.00_0.01,blur_3,enc_auto/1bba6e_297566610aae468e904deed84a0e0ba8_mv2.jpg]
[www.duana.info/booking-calendar/traitement-énergétique.html]
[static.wixstatic.com/media/1bba6e_9e52e4145d1949b0a356e19d62727c55_mv2.jpg/v1/fill/w_50,h_30,al_c,q_80,usm_0.66_1.00_0.01,blur_3,enc_auto/1bba6e_9e52e4145d1949b0a356e19d62727c55_mv2.jpg]
[www.duana.info/booking-calendar/enquête-de-personne-disparue.html]
[www.duana.info/en/book-online.html]
[static.parastorage.com/services/bookings-service-list-widget/1.1444.0/BookOnlineViewerWidgetNoCss.bundle.min.js]
[www.duana.info/booking-calendar/contact-défunt.html]
[static.wixstatic.com/media/1bba6e_1b7837cb29224386bc226e3bc8fb0eff_mv2.jpg/v1/fill/w_66,h_48,al_c,q_80,usm_0.66_1.00_0.01,blur_2,enc_auto/1bba6e_1b7837cb29224386bc226e3bc8fb0eff_mv2.jpg]
[www.duana.info/en/product-page/pierres-et-crystaux-divers.html]
[static.wixstatic.com/media/1bba6e_8c107dedf69b412b93018e5d58266900_mv2.jpg/v1/fill/w_63,h_89,al_c,q_80,usm_0.66_1.00_0.01,blur_2,enc_auto/1bba6e_8c107dedf69b412b93018e5d58266900_mv2.jpg]
[static.wixstatic.com/media/1bba6e_e59dd5ab17da4763b41299d7363b33cc_mv2.png/v1/fill/w_98,h_170,al_c,q_85,blur_3,enc_auto/1bba6e_e59dd5ab17da4763b41299d7363b33cc_mv2.png]
[www.duana.info/en/product-page/oracles-divers.html]
[www.duana.info/en/product-page/sac-porteur-positif.html]
[static.wixstatic.com/media/1bba6e_ff39064a74d547eaa716618cc4b4d1ef_mv2.png/v1/fill/w_74,h_78,al_c,q_85,usm_0.66_1.00_0.01,blur_2,enc_auto/1bba6e_ff39064a74d547eaa716618cc4b4d1ef_mv2.png]
[static.wixstatic.com/media/1bba6e_ffe32bd0f3dc4cf5a28c5f4b656d27d0_mv2.png/v1/fill/w_52,h_74,al_c,q_85,usm_0.66_1.00_0.01,blur_2,enc_auto/1bba6e_ffe32bd0f3dc4cf5a28c5f4b656d27d0_mv2.png]
[static.wixstatic.com/media/1bba6e_9e87060bdf794736b0d4010ba821ca59_mv2.png/v1/fill/w_88,h_73,al_c,q_85,usm_0.66_1.00_0.01,blur_2,enc_auto/1bba6e_9e87060bdf794736b0d4010ba821ca59_mv2.png]
[static.wixstatic.com/media/1bba6e_f55f905ca49342d5ba6c66a9c916cf3d_mv2.png/v1/fill/w_67,h_57,al_c,q_85,usm_0.66_1.00_0.01,blur_2,enc_auto/1bba6e_f55f905ca49342d5ba6c66a9c916cf3d_mv2.png]
[www.duana.info/en/product-page/let-me-chose-a-special-quote-for-you.html]
[static.wixstatic.com/media/1bba6e_7b12e90218f740ad999a4d029d876ae2_mv2.gif/v1/fill/w_92,h_115,al_c,usm_0.66_1.00_0.01,blur_2,pstr/1bba6e_7b12e90218f740ad999a4d029d876ae2_mv2_gif.gif]
[www.duana.info/en/product-page/rituels.html]
[www.duana.info/en/product-page/runes-en-pierre-naturelle-d-améthyste.html]
[static.wixstatic.com/media/1bba6e_6ad3c8d8b64549269034b8ed713bcbea_mv2.jpeg/v1/fill/w_75,h_75,al_c,q_80,usm_0.66_1.00_0.01,blur_2,enc_auto/1bba6e_6ad3c8d8b64549269034b8ed713bcbea_mv2.jpg]
[static.wixstatic.com/media/1bba6e_9474ddc67280439dbbad4fe65c2bc8cc_mv2.jpeg/v1/fill/w_144,h_144,al_c,q_80,usm_0.66_1.00_0.01,blur_2,enc_auto/1bba6e_9474ddc67280439dbbad4fe65c2bc8cc_mv2.jpg]
[static.wixstatic.com/media/1bba6e_b61f648cff1942ca893b4295ccb6cb9c_mv2.jpg/v1/fill/w_56,h_56,al_c,q_80,usm_0.66_1.00_0.01,blur_2,enc_auto/1bba6e_b61f648cff1942ca893b4295ccb6cb9c_mv2.jpg]
[www.duana.info/en/product-page/pendulum-radiesthésie.html]
[static.wixstatic.com/media/1bba6e_470397a0113643dfa3f38cd8333aab3f_mv2.jpeg/v1/fill/w_144,h_144,al_c,q_80,usm_0.66_1.00_0.01,blur_2,enc_auto/1bba6e_470397a0113643dfa3f38cd8333aab3f_mv2.jpg]
[static.wixstatic.com/media/1bba6e_eac8a86955144945a1ebf8d2cb96df84_mv2.png/v1/fill/w_48,h_45,al_c,q_85,usm_0.66_1.00_0.01,blur_2,enc_auto/1bba6e_eac8a86955144945a1ebf8d2cb96df84_mv2.png]
[static.wixstatic.com/media/1bba6e_79a99856b7bf442c9ceeded0bc4ba07e_mv2.png/v1/fill/w_136,h_220,al_c,q_85,blur_3,enc_auto/1bba6e_79a99856b7bf442c9ceeded0bc4ba07e_mv2.png]
[www.duana.info/en/product-page/oracle.html]
[static.parastorage.com/services/wixstores-client-gallery/1.4744.0/SliderGalleryViewerWidgetNoCss.bundle.min.js]
[www.duana.info/en/services.html]
[www.duana.info/en/l-éveil-spirituel.html]
[static.parastorage.com/services/wixstores-client-gallery/1.4744.0/GridGalleryViewerWidgetNoCss.bundle.min.js]
[static.wixstatic.com/media/1bba6e_147e42808a4545daab09461f1d1f67ea_mv2.jpg/v1/fill/w_355,h_344,al_c,q_80,usm_0.66_1.00_0.01,enc_avif,quality_auto/1bba6e_147e42808a4545daab09461f1d1f67ea_mv2.jpg]
[www.duana.info/en/empathe.html]
[static.wixstatic.com/media/1bba6e_361f887e59f64cc98ffbb35d5d4f8ea2_mv2.jpg/v1/fill/w_108,h_54,al_c,q_80,usm_0.66_1.00_0.01,blur_2,enc_avif,quality_auto/1bba6e_361f887e59f64cc98ffbb35d5d4f8ea2_mv2.jpg]
[www.duana.info/en/medium.html]
[static.wixstatic.com/media/1bba6e_4883e9fbcadd4317ad81ebfbd719203d_mv2.jpg/v1/fill/w_370,h_185,al_c,q_80,enc_avif,quality_auto/1bba6e_4883e9fbcadd4317ad81ebfbd719203d_mv2.jpg]
[www.duana.info/en/voyante.html]
[static.wixstatic.com/media/1bba6e_28c3401c57414f89bb97fe3cc79b4fc3_mv2.jpg/v1/fill/w_309,h_162,al_c,q_80,enc_avif,quality_auto/1bba6e_28c3401c57414f89bb97fe3cc79b4fc3_mv2.jpg]
[www.duana.info/en/guérisseur.html]
[static.wixstatic.com/media/1bba6e_ce82ddca3cc64380aa04ae9598562b59_mv2.jpg/v1/fill/w_341,h_257,al_c,q_80,usm_0.66_1.00_0.01,enc_avif,quality_auto/1bba6e_ce82ddca3cc64380aa04ae9598562b59_mv2.jpg]
[www.duana.info/en/chamane.html]
[www.duana.info/en/signes-et-messages-de-l-univers.html]
[static.wixstatic.com/media/1bba6e_e36259d6016d4ab9a73140930a1c7d1b_mv2.jpg/v1/fill/w_435,h_245,al_c,q_80,usm_0.66_1.00_0.01,enc_avif,quality_auto/1bba6e_e36259d6016d4ab9a73140930a1c7d1b_mv2.jpg]
[www.duana.info/en/taux-vibratoire-vibratory-rate.html]
[static.wixstatic.com/media/1bba6e_f0e0626205ac41129e7e3f7f1e23e511_mv2.jpg/v1/fill/w_600,h_337,al_c,q_80,enc_avif,quality_auto/1bba6e_f0e0626205ac41129e7e3f7f1e23e511_mv2.jpg]
[www.duana.info/en/changement-de-time-line.html]
[static.wixstatic.com/media/1bba6e_3219bc3042fa4a86be51841f66e32eb2_mv2.jpg/v1/fill/w_391,h_345,al_c,q_80,usm_0.66_1.00_0.01,enc_avif,quality_auto/1bba6e_3219bc3042fa4a86be51841f66e32eb2_mv2.jpg]
[static.wixstatic.com/media/1bba6e_a1ace017db8d4dd7a8bcaf8dd39567b8_mv2.jpg/v1/fill/w_300,h_300,al_c,q_80,enc_avif,quality_auto/1bba6e_a1ace017db8d4dd7a8bcaf8dd39567b8_mv2.jpg]
[static.wixstatic.com/media/1bba6e_eb6e2a1c6ae246edbbce3b37855fe23a_mv2.jpg/v1/fill/w_67,h_75,al_c,q_80,usm_0.66_1.00_0.01,blur_2,enc_avif,quality_auto/1bba6e_eb6e2a1c6ae246edbbce3b37855fe23a_mv2.jpg]
[static.wixstatic.com/media/1bba6e_fb2a5cfd6aa143d089c4e7466de2af41_mv2.jpg/v1/fill/w_71,h_75,al_c,q_80,usm_0.66_1.00_0.01,blur_2,enc_avif,quality_auto/1bba6e_fb2a5cfd6aa143d089c4e7466de2af41_mv2.jpg]
[static.wixstatic.com/media/1bba6e_1572ebc1dd584cd192cb34b7f3aa18f9_mv2.jpg/v1/fill/w_75,h_50,al_c,q_80,usm_0.66_1.00_0.01,blur_2,enc_avif,quality_auto/1bba6e_1572ebc1dd584cd192cb34b7f3aa18f9_mv2.jpg]
[static.wixstatic.com/media/1bba6e_e9445b379479456facf65f5232421809_mv2.jpg/v1/fill/w_75,h_75,al_c,q_80,usm_0.66_1.00_0.01,blur_2,enc_avif,quality_auto/1bba6e_e9445b379479456facf65f5232421809_mv2.jpg]
[static.wixstatic.com/media/1bba6e_61dad2ca9cbd46219d71eb96f4b8c9b1_mv2.jpg/v1/fill/w_82,h_49,al_c,q_80,usm_0.66_1.00_0.01,blur_2,enc_avif,quality_auto/1bba6e_61dad2ca9cbd46219d71eb96f4b8c9b1_mv2.jpg]
[www.duana.info/en/les-plumes.html]
[static.wixstatic.com/media/1bba6e_79539948329b4683b1ed2fbb4074fcf5_mv2.jpg/v1/fill/w_305,h_265,al_c,q_80,usm_0.66_1.00_0.01,enc_avif,quality_auto/Capture_PNG.jpg]
[www.duana.info/en/les-heures-miroirs.html]
[static.wixstatic.com/media/1bba6e_7204114e429940a8a04edeb27f774419_mv2.jpg/v1/fill/w_399,h_271,al_c,q_80,usm_0.66_1.00_0.01,enc_avif,quality_auto/1bba6e_7204114e429940a8a04edeb27f774419_mv2.jpg]
[static.wixstatic.com/media/1bba6e_9028d327c47d4d40af4ed1e945eb8ba1_mv2.jpg/v1/fill/w_577,h_600,al_c,q_80,usm_0.66_1.00_0.01,enc_avif,quality_auto/1bba6e_9028d327c47d4d40af4ed1e945eb8ba1_mv2.jpg]
[www.duana.info/en/cycles-d-incarnations.html]
[static.wixstatic.com/media/1bba6e_6fc378f26199462b9e67a106ef031513_mv2.jpg/v1/fill/w_361,h_271,al_c,q_80,usm_0.66_1.00_0.01,enc_avif,quality_auto/old-books--black-candles--mirror--tarot-.jpg]
[www.duana.info/en/les-outils-de-divinations.html]
[static.wixstatic.com/media/1bba6e_6b770bbde775487bb6f3a21bde3336f2_mv2.jpeg/v1/fill/w_400,h_300,al_c,q_80,enc_avif,quality_auto/ouija.jpg]
[www.duana.info/en/la-planche-de-divination.html]
[static.wixstatic.com/media/1bba6e_9583676649ac4896a746752cf6114138_mv2.png/v1/fill/w_326,h_326,al_c,q_85,usm_0.66_1.00_0.01,enc_avif,quality_auto/runes-amathyste-shaman-stone_1080x.png]
[www.duana.info/en/les-runes.html]
[static.wixstatic.com/media/1bba6e_eeabe5f36af14055b72a13e68937cbb2_mv2.jpg/v1/fill/w_355,h_355,al_c,q_80,usm_0.66_1.00_0.01,enc_avif,quality_auto/pendulum-swing-ss-1920_mlraza.jpg]
[www.duana.info/en/copie-de-les-chandelles.html]
[static.wixstatic.com/media/1bba6e_a9c8d3fadb2c4614982bd034e52b787e_mv2.jpg/v1/fill/w_279,h_342,al_c,q_80,usm_0.66_1.00_0.01,enc_avif,quality_auto/unnamed.jpg]
[www.duana.info/en/copie-de-la-boule-de-crystal.html]
[static.wixstatic.com/media/1bba6e_4c000e5a7abc48b7a8a361b88079e27e_mv2.jpg/v1/fill/w_358,h_270,al_c,q_80,usm_0.66_1.00_0.01,enc_avif,quality_auto/savoir-interpre-ter-les-mouvements-image.jpg]
[www.duana.info/en/la-boule-de-crystal.html]
[static.wixstatic.com/media/1bba6e_e199bc5371894e9db85876ce6914e236_mv2.jpg/v1/fill/w_431,h_287,al_c,q_80,usm_0.66_1.00_0.01,enc_avif,quality_auto/threads-of-fate-oracle-rose-edition-4688.jpg]
[www.duana.info/en/les-cartes-divinatoires.html]
[static.wixstatic.com/media/1bba6e_ace6926d4b7a4fb4a532531d0235da51_mv2.jpg/v1/fill/w_250,h_286,al_c,q_80,enc_avif,quality_auto/1bba6e_ace6926d4b7a4fb4a532531d0235da51_mv2.jpg]
[static.wixstatic.com/media/1bba6e_a26d7d9b11d54741877d55edb129b8af_mv2.jpg/v1/fill/w_250,h_252,al_c,q_80,enc_avif,quality_auto/1bba6e_a26d7d9b11d54741877d55edb129b8af_mv2.jpg]
[static.wixstatic.com/media/1bba6e_81280e695b8f4bc4af12bb97978897b1_mv2.jpg/v1/fill/w_63,h_64,al_c,q_80,usm_0.66_1.00_0.01,blur_2,enc_avif,quality_auto/1bba6e_81280e695b8f4bc4af12bb97978897b1_mv2.jpg]
[static.wixstatic.com/media/1bba6e_2ac288c0dad9459d884d8cc5284e543d_mv2.png/v1/fill/w_60,h_33,al_c,q_85,usm_0.66_1.00_0.01,blur_2,enc_avif,quality_auto/1bba6e_2ac288c0dad9459d884d8cc5284e543d_mv2.png]
[www.duana.info/en/lithothérapie.html]
[static.wixstatic.com/media/1bba6e_28c3401c57414f89bb97fe3cc79b4fc3_mv2.jpg/v1/fill/w_77,h_41,al_c,q_80,usm_0.66_1.00_0.01,blur_2,enc_avif,quality_auto/1bba6e_28c3401c57414f89bb97fe3cc79b4fc3_mv2.jpg]
[www.duana.info/en/reiki.html]
[static.wixstatic.com/media/a3c153_20122b9a32cc4e9a9faca835b9f82d14_mv2.jpg/v1/fill/w_134,h_67,al_c,q_80,usm_0.66_1.00_0.01,blur_2,enc_avif,quality_auto/a3c153_20122b9a32cc4e9a9faca835b9f82d14_mv2.jpg]
[www.duana.info/en/vip.html]
[www.duana.info/en/livestrea.html]
[static.parastorage.com/services/pricing-plans-tpa/1.4217.0/client-viewer/4624.chunk.min.js]
[static.parastorage.com/services/pricing-plans-tpa/1.4217.0/client-viewer/1630.chunk.min.js]
[static.parastorage.com/services/pricing-plans-tpa/1.4217.0/client-viewer/1024.chunk.min.js]
[static.parastorage.com/services/pricing-plans-tpa/1.4217.0/client-viewer/3444.chunk.min.js]
[static.parastorage.com/services/pricing-plans-tpa/1.4217.0/client-viewer/Widget.chunk.min.js]
[static.parastorage.com/services/pricing-plans-tpa/1.4217.0/client-viewer/List.chunk.min.js]
[www.duana.info/en/plans-pricing.html]
[www.duana.info/feed.html]
[www.duana.info/decodeURIComponent(e.html]
[static.parastorage.com/services/pricing-plans-tpa/1.4217.0/PackagePickerViewerWidgetNoCss.bundle.min.js]
[www.duana.info/a-propos.html]
[www.duana.info/loyalty.html]
[www.duana.info/calendrier.html]
[www.duana.info/contact.html]
[www.duana.info/refer-friends.html]
[www.duana.info/faq.html]
[www.duana.info/politique-de-confidentialité.html]
[www.duana.info/copie-de-lithothérapie.html]
[www.duana.info/book-online.html]
[www.duana.info/account/my-bookings.html]
[www.duana.info/product-page/pierres-et-crystaux-divers.html]
[www.duana.info/product-page/oracles-divers.html]
[www.duana.info/product-page/sac-porteur-positif.html]
[www.duana.info/product-page/let-me-chose-a-special-quote-for-you.html]
[www.duana.info/product-page/rituels.html]
[www.duana.info/product-page/runes-en-pierre-naturelle-d-améthyste.html]
[www.duana.info/product-page/pendulum-radiesthésie.html]
[www.duana.info/services.html]
[www.duana.info/l-éveil-spirituel.html]
[www.duana.info/empathe.html]
[www.duana.info/medium.html]
[www.duana.info/voyante.html]
[www.duana.info/guérisseur.html]
[www.duana.info/chamane.html]
[www.duana.info/signes-et-messages-de-l-univers.html]
[www.duana.info/taux-vibratoire-vibratory-rate.html]
[www.duana.info/changement-de-time-line.html]
[www.duana.info/les-plumes.html]
[static.wixstatic.com/media/1bba6e_f01a3195b2e84a2dbd67dfae21cac165_mv2.png/v1/fill/w_305,h_265,al_c,q_85,usm_0.66_1.00_0.01,enc_avif,quality_auto/Capture_PNG.png]
[www.duana.info/les-heures-miroirs.html]
[www.duana.info/cycles-d-incarnations.html]
[www.duana.info/les-outils-de-divinations.html]
[www.duana.info/la-planche-de-divination.html]
[www.duana.info/les-runes.html]
[www.duana.info/copie-de-les-chandelles.html]
[www.duana.info/copie-de-la-boule-de-crystal.html]
[www.duana.info/la-boule-de-crystal.html]
[www.duana.info/les-cartes-divinatoires.html]
[www.duana.info/lithothérapie.html]
[www.duana.info/reiki.html]
[www.duana.info/vip.html]
[www.duana.info/livestrea.html]
[www.duana.info/plans-pricing.html]
[www.duana.info/en/robots.html]
[www.duana.info/en/sitemap.html]
[www.duana.info/en/feed.html]
[www.duana.info/en/decodeURIComponent(e.html]
[www.duana.info/product-page/oracle.html]
[www.duana.info/booking-calendar/sitemap.be.delayed]
[www.duana.info/booking-calendar/robots.html]
[www.duana.info/booking-calendar/feed.bf.delayed]
[static.parastorage.com/services/bookings-calendar-widget/1.2726.0/BookingCalendarViewerWidgetNoCss.bundle.min.js]
[www.duana.info/booking-calendar/guidance-voyance-60-min.html]
[www.duana.info/booking-calendar/purification-de-domicile.html]
[www.duana.info/booking-calendar/guidance-voyance-30-min.html]
[www.duana.info/booking-calendar/traitement-énergétique.html]
[www.duana.info/booking-calendar/enquête-de-personne-disparue.html]
[www.duana.info/booking-calendar/contact-défunt.html]
[static.wixstatic.com/media/1bba6e_1b7837cb29224386bc226e3bc8fb0eff_mv2.jpg/v1/fill/w_367,h_266,al_c,lg_1,q_85/1bba6e_1b7837cb29224386bc226e3bc8fb0eff_mv2.jpg]
[www.duana.info/booking-calendar/decodeURIComponent(e.html]
[www.duana.info/en/product-page/robots.c3.delayed]
[www.duana.info/en/product-page/sitemap.c4.delayed]
[www.duana.info/en/product-page/feed.c5.delayed]
[static.parastorage.com/services/wixstores-client-product-page/1.3304.0/ProductPageViewerWidgetNoCss.bundle.min.js]
[www.duana.info/en/product-page/decodeURIComponent(e.c7.delayed]
[www.duana.info/en/product-page/pierres-et-crystaux-divers.html]
[static.wixstatic.com/media/1bba6e_8c107dedf69b412b93018e5d58266900_mv2.jpg/v1/fill/w_350,h_253,al_c,lg_1,q_85/1bba6e_8c107dedf69b412b93018e5d58266900_mv2.jpg]
[static.wixstatic.com/media/1bba6e_e59dd5ab17da4763b41299d7363b33cc_mv2.png/v1/fill/w_137,h_99,al_c,lg_1/1bba6e_e59dd5ab17da4763b41299d7363b33cc_mv2.png]
[static.wixstatic.com/media/1bba6e_d36494a5a3b34316b6ef8d5b61acfeff_mv2.png/v1/fill/w_186,h_135,al_c,lg_1/1bba6e_d36494a5a3b34316b6ef8d5b61acfeff_mv2.png]
[static.wixstatic.com/media/1bba6e_cc755f29b9fd45cebc3bef2e4129a0e7_mv2.png/v1/fill/w_155,h_113,al_c,lg_1/1bba6e_cc755f29b9fd45cebc3bef2e4129a0e7_mv2.png]
[static.wixstatic.com/media/1bba6e_4586982599d54e628e4e28cf817c461b_mv2.png/v1/fill/w_150,h_108,al_c,lg_1/1bba6e_4586982599d54e628e4e28cf817c461b_mv2.png]
[static.wixstatic.com/media/1bba6e_e6f00a31be1c4117bd077d9a2236a46a_mv2.png/v1/fill/w_169,h_123,al_c,lg_1/1bba6e_e6f00a31be1c4117bd077d9a2236a46a_mv2.png]
[static.wixstatic.com/media/1bba6e_6b71a871d2ac47abacb190a3e2b046b9_mv2.png/v1/fill/w_174,h_126,al_c,lg_1/1bba6e_6b71a871d2ac47abacb190a3e2b046b9_mv2.png]
[static.wixstatic.com/media/1bba6e_426bb88159eb425e8bc86413e792d946_mv2.png/v1/fill/w_168,h_122,al_c,lg_1/1bba6e_426bb88159eb425e8bc86413e792d946_mv2.png]
[static.wixstatic.com/media/1bba6e_3818f4c473c44beaac2b80af34a88eb1_mv2.png/v1/fill/w_172,h_125,al_c,lg_1/1bba6e_3818f4c473c44beaac2b80af34a88eb1_mv2.png]
[static.wixstatic.com/media/1bba6e_bb555cdba7524fa1921c826967d9ae82_mv2.png/v1/fill/w_168,h_122,al_c,lg_1/1bba6e_bb555cdba7524fa1921c826967d9ae82_mv2.png]
[static.wixstatic.com/media/1bba6e_d967ddc7cfb04a4aaf92b81cecc81771_mv2.png/v1/fill/w_186,h_135,al_c,lg_1/1bba6e_d967ddc7cfb04a4aaf92b81cecc81771_mv2.png]
[static.wixstatic.com/media/1bba6e_f5b6b109f93e4ef6bdd644255ee4d40a_mv2.png/v1/fill/w_197,h_143,al_c,lg_1/1bba6e_f5b6b109f93e4ef6bdd644255ee4d40a_mv2.png]
[static.wixstatic.com/media/1bba6e_8c107dedf69b412b93018e5d58266900_mv2.jpg/v1/fill/w_45,h_45,al_c,q_50,usm_0.66_1.00_0.01/1bba6e_8c107dedf69b412b93018e5d58266900_mv2.jpg]
[static.wixstatic.com/media/1bba6e_e59dd5ab17da4763b41299d7363b33cc_mv2.png/v1/fill/w_45,h_45,al_c,usm_0.66_1.00_0.01/1bba6e_e59dd5ab17da4763b41299d7363b33cc_mv2.png]
[static.wixstatic.com/media/1bba6e_d36494a5a3b34316b6ef8d5b61acfeff_mv2.png/v1/fill/w_45,h_45,al_c,usm_0.66_1.00_0.01/1bba6e_d36494a5a3b34316b6ef8d5b61acfeff_mv2.png]
[static.wixstatic.com/media/1bba6e_cc755f29b9fd45cebc3bef2e4129a0e7_mv2.png/v1/fill/w_45,h_45,al_c,usm_0.66_1.00_0.01/1bba6e_cc755f29b9fd45cebc3bef2e4129a0e7_mv2.png]
[static.wixstatic.com/media/1bba6e_4586982599d54e628e4e28cf817c461b_mv2.png/v1/fill/w_45,h_45,al_c,usm_0.66_1.00_0.01/1bba6e_4586982599d54e628e4e28cf817c461b_mv2.png]
[static.wixstatic.com/media/1bba6e_e6f00a31be1c4117bd077d9a2236a46a_mv2.png/v1/fill/w_45,h_45,al_c,usm_0.66_1.00_0.01/1bba6e_e6f00a31be1c4117bd077d9a2236a46a_mv2.png]
[static.wixstatic.com/media/1bba6e_6b71a871d2ac47abacb190a3e2b046b9_mv2.png/v1/fill/w_45,h_45,al_c,usm_0.66_1.00_0.01/1bba6e_6b71a871d2ac47abacb190a3e2b046b9_mv2.png]
[static.wixstatic.com/media/1bba6e_426bb88159eb425e8bc86413e792d946_mv2.png/v1/fill/w_45,h_45,al_c,usm_0.66_1.00_0.01/1bba6e_426bb88159eb425e8bc86413e792d946_mv2.png]
[static.wixstatic.com/media/1bba6e_3818f4c473c44beaac2b80af34a88eb1_mv2.png/v1/fill/w_45,h_45,al_c,usm_0.66_1.00_0.01/1bba6e_3818f4c473c44beaac2b80af34a88eb1_mv2.png]
[static.wixstatic.com/media/1bba6e_bb555cdba7524fa1921c826967d9ae82_mv2.png/v1/fill/w_45,h_45,al_c,usm_0.66_1.00_0.01/1bba6e_bb555cdba7524fa1921c826967d9ae82_mv2.png]
[static.wixstatic.com/media/1bba6e_d967ddc7cfb04a4aaf92b81cecc81771_mv2.png/v1/fill/w_45,h_45,al_c,usm_0.66_1.00_0.01/1bba6e_d967ddc7cfb04a4aaf92b81cecc81771_mv2.png]
[static.wixstatic.com/media/1bba6e_f5b6b109f93e4ef6bdd644255ee4d40a_mv2.png/v1/fill/w_45,h_45,al_c,usm_0.66_1.00_0.01/1bba6e_f5b6b109f93e4ef6bdd644255ee4d40a_mv2.png]
[www.duana.info/en/product-page/oracles-divers.html]
[static.wixstatic.com/media/1bba6e_ff39064a74d547eaa716618cc4b4d1ef_mv2.png/v1/fill/w_737,h_534,al_c/1bba6e_ff39064a74d547eaa716618cc4b4d1ef_mv2.png]
[static.wixstatic.com/media/1bba6e_ffe32bd0f3dc4cf5a28c5f4b656d27d0_mv2.png/v1/fill/w_521,h_377,al_c/1bba6e_ffe32bd0f3dc4cf5a28c5f4b656d27d0_mv2.png]
[static.wixstatic.com/media/1bba6e_9a04642fe6e141c488b01ebf9cd0e73d_mv2.jpg/v1/fill/w_593,h_429,al_c,lg_1,q_85/1bba6e_9a04642fe6e141c488b01ebf9cd0e73d_mv2.jpg]
[static.wixstatic.com/media/1bba6e_40082abbec54474f85f59b9530d039de_mv2.jpg/v1/fill/w_563,h_408,al_c,lg_1,q_85/1bba6e_40082abbec54474f85f59b9530d039de_mv2.jpg]
[static.wixstatic.com/media/1bba6e_601f5d91b0a64d0eb4fcd2076c78d249_mv2.png/v1/fill/w_463,h_336,al_c,lg_1/1bba6e_601f5d91b0a64d0eb4fcd2076c78d249_mv2.png]
[static.wixstatic.com/media/1bba6e_5518c30ecb34422c93ce0bf3f57a7133_mv2.png/v1/fill/w_465,h_337,al_c,lg_1/1bba6e_5518c30ecb34422c93ce0bf3f57a7133_mv2.png]
[static.wixstatic.com/media/1bba6e_ee11d5a039f04059a97a9391f243c405_mv2.png/v1/fill/w_462,h_335,al_c,lg_1/1bba6e_ee11d5a039f04059a97a9391f243c405_mv2.png]
[static.wixstatic.com/media/1bba6e_8208f6073c3745d59441bc0c364e6b40_mv2.jpg/v1/fill/w_737,h_534,al_c,q_85/1bba6e_8208f6073c3745d59441bc0c364e6b40_mv2.jpg]
[static.wixstatic.com/media/1bba6e_ff39064a74d547eaa716618cc4b4d1ef_mv2.png/v1/fill/w_45,h_45,al_c,usm_0.66_1.00_0.01/1bba6e_ff39064a74d547eaa716618cc4b4d1ef_mv2.png]
[static.wixstatic.com/media/1bba6e_ffe32bd0f3dc4cf5a28c5f4b656d27d0_mv2.png/v1/fill/w_45,h_45,al_c,usm_0.66_1.00_0.01/1bba6e_ffe32bd0f3dc4cf5a28c5f4b656d27d0_mv2.png]
[static.wixstatic.com/media/1bba6e_9a04642fe6e141c488b01ebf9cd0e73d_mv2.jpg/v1/fill/w_45,h_45,al_c,q_50,usm_0.66_1.00_0.01/1bba6e_9a04642fe6e141c488b01ebf9cd0e73d_mv2.jpg]
[static.wixstatic.com/media/1bba6e_40082abbec54474f85f59b9530d039de_mv2.jpg/v1/fill/w_45,h_45,al_c,q_50,usm_0.66_1.00_0.01/1bba6e_40082abbec54474f85f59b9530d039de_mv2.jpg]
[static.wixstatic.com/media/1bba6e_601f5d91b0a64d0eb4fcd2076c78d249_mv2.png/v1/fill/w_45,h_45,al_c,usm_0.66_1.00_0.01/1bba6e_601f5d91b0a64d0eb4fcd2076c78d249_mv2.png]
[static.wixstatic.com/media/1bba6e_5518c30ecb34422c93ce0bf3f57a7133_mv2.png/v1/fill/w_45,h_45,al_c,usm_0.66_1.00_0.01/1bba6e_5518c30ecb34422c93ce0bf3f57a7133_mv2.png]
[static.wixstatic.com/media/1bba6e_ee11d5a039f04059a97a9391f243c405_mv2.png/v1/fill/w_45,h_45,al_c,usm_0.66_1.00_0.01/1bba6e_ee11d5a039f04059a97a9391f243c405_mv2.png]
[static.wixstatic.com/media/1bba6e_8208f6073c3745d59441bc0c364e6b40_mv2.jpg/v1/fill/w_45,h_45,al_c,q_50,usm_0.66_1.00_0.01/1bba6e_8208f6073c3745d59441bc0c364e6b40_mv2.jpg]
[www.duana.info/en/product-page/sac-porteur-positif.html]
[static.wixstatic.com/media/1bba6e_9e87060bdf794736b0d4010ba821ca59_mv2.png/v1/fill/w_882,h_639,al_c/1bba6e_9e87060bdf794736b0d4010ba821ca59_mv2.png]
[static.wixstatic.com/media/1bba6e_f55f905ca49342d5ba6c66a9c916cf3d_mv2.png/v1/fill/w_674,h_488,al_c/1bba6e_f55f905ca49342d5ba6c66a9c916cf3d_mv2.png]
[static.wixstatic.com/media/1bba6e_7ab81020338a4f0692b4b6e18c0e624a_mv2.png/v1/fill/w_830,h_601,al_c/1bba6e_7ab81020338a4f0692b4b6e18c0e624a_mv2.png]
[static.wixstatic.com/media/1bba6e_272c6f64bfad49d3b78e2008ad4511b2_mv2.png/v1/fill/w_713,h_516,al_c/1bba6e_272c6f64bfad49d3b78e2008ad4511b2_mv2.png]
[static.wixstatic.com/media/1bba6e_b415f62e06854bff860b116575fbc685_mv2.png/v1/fill/w_751,h_544,al_c/1bba6e_b415f62e06854bff860b116575fbc685_mv2.png]
[static.wixstatic.com/media/1bba6e_be50e4767a444bffa375079e491abe15_mv2.png/v1/fill/w_623,h_451,al_c,lg_1/1bba6e_be50e4767a444bffa375079e491abe15_mv2.png]
[static.wixstatic.com/media/1bba6e_0e6596b0bfc14d83a0651679d2e8b2c3_mv2.png/v1/fill/w_903,h_654,al_c/1bba6e_0e6596b0bfc14d83a0651679d2e8b2c3_mv2.png]
[static.wixstatic.com/media/1bba6e_4298c933056c46caab939b7c02f1ffbb_mv2.png/v1/fill/w_508,h_368,al_c,lg_1/1bba6e_4298c933056c46caab939b7c02f1ffbb_mv2.png]
[static.wixstatic.com/media/1bba6e_9e87060bdf794736b0d4010ba821ca59_mv2.png/v1/fill/w_45,h_45,al_c,usm_0.66_1.00_0.01/1bba6e_9e87060bdf794736b0d4010ba821ca59_mv2.png]
[static.wixstatic.com/media/1bba6e_f55f905ca49342d5ba6c66a9c916cf3d_mv2.png/v1/fill/w_45,h_45,al_c,usm_0.66_1.00_0.01/1bba6e_f55f905ca49342d5ba6c66a9c916cf3d_mv2.png]
[static.wixstatic.com/media/1bba6e_7ab81020338a4f0692b4b6e18c0e624a_mv2.png/v1/fill/w_45,h_45,al_c,usm_0.66_1.00_0.01/1bba6e_7ab81020338a4f0692b4b6e18c0e624a_mv2.png]
[static.wixstatic.com/media/1bba6e_272c6f64bfad49d3b78e2008ad4511b2_mv2.png/v1/fill/w_45,h_45,al_c,usm_0.66_1.00_0.01/1bba6e_272c6f64bfad49d3b78e2008ad4511b2_mv2.png]
[static.wixstatic.com/media/1bba6e_b415f62e06854bff860b116575fbc685_mv2.png/v1/fill/w_45,h_45,al_c,usm_0.66_1.00_0.01/1bba6e_b415f62e06854bff860b116575fbc685_mv2.png]
[static.wixstatic.com/media/1bba6e_be50e4767a444bffa375079e491abe15_mv2.png/v1/fill/w_45,h_45,al_c,usm_0.66_1.00_0.01/1bba6e_be50e4767a444bffa375079e491abe15_mv2.png]
[static.wixstatic.com/media/1bba6e_0e6596b0bfc14d83a0651679d2e8b2c3_mv2.png/v1/fill/w_45,h_45,al_c,usm_0.66_1.00_0.01/1bba6e_0e6596b0bfc14d83a0651679d2e8b2c3_mv2.png]
[static.wixstatic.com/media/1bba6e_4298c933056c46caab939b7c02f1ffbb_mv2.png/v1/fill/w_45,h_45,al_c,usm_0.66_1.00_0.01/1bba6e_4298c933056c46caab939b7c02f1ffbb_mv2.png]
[www.duana.info/en/product-page/let-me-chose-a-special-quote-for-you.html]
[static.wixstatic.com/media/1bba6e_7b12e90218f740ad999a4d029d876ae2_mv2.gif]
[www.duana.info/en/product-page/rituels.html]
[static.wixstatic.com/media/1bba6e_6ad3c8d8b64549269034b8ed713bcbea_mv2.jpeg/v1/fill/w_420,h_304,al_c,lg_1,q_85/1bba6e_6ad3c8d8b64549269034b8ed713bcbea_mv2.jpg]
[static.wixstatic.com/media/1bba6e_9474ddc67280439dbbad4fe65c2bc8cc_mv2.jpeg/v1/fill/w_800,h_579,al_c,q_85/1bba6e_9474ddc67280439dbbad4fe65c2bc8cc_mv2.jpg]
[static.wixstatic.com/media/1bba6e_b3b0d058eecd4b01beab73e63d1361fa_mv2.jpeg/v1/fill/w_800,h_579,al_c,q_85/1bba6e_b3b0d058eecd4b01beab73e63d1361fa_mv2.jpg]
[static.wixstatic.com/media/1bba6e_c0a21b6ee47d47eea67eeb76aea2ea74_mv2.jpeg/v1/fill/w_800,h_579,al_c,q_85/1bba6e_c0a21b6ee47d47eea67eeb76aea2ea74_mv2.jpg]
[static.wixstatic.com/media/1bba6e_ff03c383531b492890a08f453cac5c3c_mv2.jpeg/v1/fill/w_800,h_579,al_c,q_85/1bba6e_ff03c383531b492890a08f453cac5c3c_mv2.jpg]
[static.wixstatic.com/media/1bba6e_d95732b400fe453cb7dbd4d813638be3_mv2.jpeg/v1/fill/w_800,h_579,al_c,q_85/1bba6e_d95732b400fe453cb7dbd4d813638be3_mv2.jpg]
[static.wixstatic.com/media/1bba6e_17b07348f2824e398dae7ded6cda340e_mv2.jpeg/v1/fill/w_800,h_579,al_c,q_85/1bba6e_17b07348f2824e398dae7ded6cda340e_mv2.jpg]
[static.wixstatic.com/media/1bba6e_9cca7289843b4de8a367186df4963a47_mv2.jpeg/v1/fill/w_800,h_579,al_c,q_85/1bba6e_9cca7289843b4de8a367186df4963a47_mv2.jpg]
[static.wixstatic.com/media/1bba6e_8baaa1e66b754bd4a67c26edec89e865_mv2.jpeg/v1/fill/w_800,h_579,al_c,q_85/1bba6e_8baaa1e66b754bd4a67c26edec89e865_mv2.jpg]
[static.wixstatic.com/media/1bba6e_4c16312f0c60463d84eda3b800e4f174_mv2.jpeg/v1/fill/w_800,h_579,al_c,q_85/1bba6e_4c16312f0c60463d84eda3b800e4f174_mv2.jpg]
[static.wixstatic.com/media/1bba6e_1e8e8bafde9d4edfb2f17e4159f40852_mv2.jpeg/v1/fill/w_800,h_579,al_c,q_85/1bba6e_1e8e8bafde9d4edfb2f17e4159f40852_mv2.jpg]
[static.wixstatic.com/media/1bba6e_73b4013ee1c64be69dd85b434ee556ad_mv2.jpeg/v1/fill/w_800,h_579,al_c,q_85/1bba6e_73b4013ee1c64be69dd85b434ee556ad_mv2.jpg]
[static.wixstatic.com/media/1bba6e_769f04b3d40c49d0808f394546f2e082_mv2.jpeg/v1/fill/w_800,h_579,al_c,q_85/1bba6e_769f04b3d40c49d0808f394546f2e082_mv2.jpg]
[static.wixstatic.com/media/1bba6e_ae7f046489a04d5fa976dd9438e267f4_mv2.jpeg/v1/fill/w_800,h_579,al_c,q_85/1bba6e_ae7f046489a04d5fa976dd9438e267f4_mv2.jpg]
[static.wixstatic.com/media/1bba6e_6ad3c8d8b64549269034b8ed713bcbea_mv2.jpeg/v1/fill/w_45,h_45,al_c,q_50,usm_0.66_1.00_0.01/1bba6e_6ad3c8d8b64549269034b8ed713bcbea_mv2.jpg]
[static.wixstatic.com/media/1bba6e_9474ddc67280439dbbad4fe65c2bc8cc_mv2.jpeg/v1/fill/w_45,h_45,al_c,q_50,usm_0.66_1.00_0.01/1bba6e_9474ddc67280439dbbad4fe65c2bc8cc_mv2.jpg]
[static.wixstatic.com/media/1bba6e_b3b0d058eecd4b01beab73e63d1361fa_mv2.jpeg/v1/fill/w_45,h_45,al_c,q_50,usm_0.66_1.00_0.01/1bba6e_b3b0d058eecd4b01beab73e63d1361fa_mv2.jpg]
[static.wixstatic.com/media/1bba6e_c0a21b6ee47d47eea67eeb76aea2ea74_mv2.jpeg/v1/fill/w_45,h_45,al_c,q_50,usm_0.66_1.00_0.01/1bba6e_c0a21b6ee47d47eea67eeb76aea2ea74_mv2.jpg]
[static.wixstatic.com/media/1bba6e_ff03c383531b492890a08f453cac5c3c_mv2.jpeg/v1/fill/w_45,h_45,al_c,q_50,usm_0.66_1.00_0.01/1bba6e_ff03c383531b492890a08f453cac5c3c_mv2.jpg]
[static.wixstatic.com/media/1bba6e_d95732b400fe453cb7dbd4d813638be3_mv2.jpeg/v1/fill/w_45,h_45,al_c,q_50,usm_0.66_1.00_0.01/1bba6e_d95732b400fe453cb7dbd4d813638be3_mv2.jpg]
[static.wixstatic.com/media/1bba6e_17b07348f2824e398dae7ded6cda340e_mv2.jpeg/v1/fill/w_45,h_45,al_c,q_50,usm_0.66_1.00_0.01/1bba6e_17b07348f2824e398dae7ded6cda340e_mv2.jpg]
[static.wixstatic.com/media/1bba6e_9cca7289843b4de8a367186df4963a47_mv2.jpeg/v1/fill/w_45,h_45,al_c,q_50,usm_0.66_1.00_0.01/1bba6e_9cca7289843b4de8a367186df4963a47_mv2.jpg]
[static.wixstatic.com/media/1bba6e_8baaa1e66b754bd4a67c26edec89e865_mv2.jpeg/v1/fill/w_45,h_45,al_c,q_50,usm_0.66_1.00_0.01/1bba6e_8baaa1e66b754bd4a67c26edec89e865_mv2.jpg]
[static.wixstatic.com/media/1bba6e_4c16312f0c60463d84eda3b800e4f174_mv2.jpeg/v1/fill/w_45,h_45,al_c,q_50,usm_0.66_1.00_0.01/1bba6e_4c16312f0c60463d84eda3b800e4f174_mv2.jpg]
[static.wixstatic.com/media/1bba6e_1e8e8bafde9d4edfb2f17e4159f40852_mv2.jpeg/v1/fill/w_45,h_45,al_c,q_50,usm_0.66_1.00_0.01/1bba6e_1e8e8bafde9d4edfb2f17e4159f40852_mv2.jpg]
[static.wixstatic.com/media/1bba6e_73b4013ee1c64be69dd85b434ee556ad_mv2.jpeg/v1/fill/w_45,h_45,al_c,q_50,usm_0.66_1.00_0.01/1bba6e_73b4013ee1c64be69dd85b434ee556ad_mv2.jpg]
[static.wixstatic.com/media/1bba6e_769f04b3d40c49d0808f394546f2e082_mv2.jpeg/v1/fill/w_45,h_45,al_c,q_50,usm_0.66_1.00_0.01/1bba6e_769f04b3d40c49d0808f394546f2e082_mv2.jpg]
[static.wixstatic.com/media/1bba6e_ae7f046489a04d5fa976dd9438e267f4_mv2.jpeg/v1/fill/w_45,h_45,al_c,q_50,usm_0.66_1.00_0.01/1bba6e_ae7f046489a04d5fa976dd9438e267f4_mv2.jpg]
[www.duana.info/en/product-page/runes-en-pierre-naturelle-d-améthyste.html]
[static.wixstatic.com/media/1bba6e_b61f648cff1942ca893b4295ccb6cb9c_mv2.jpg/v1/fill/w_315,h_228,al_c,lg_1,q_85/1bba6e_b61f648cff1942ca893b4295ccb6cb9c_mv2.jpg]
[static.wixstatic.com/media/1bba6e_470397a0113643dfa3f38cd8333aab3f_mv2.jpeg/v1/fill/w_800,h_579,al_c,q_85/1bba6e_470397a0113643dfa3f38cd8333aab3f_mv2.jpg]
[static.wixstatic.com/media/1bba6e_ba4ddc6cf6b941d193a583ce655c40ef_mv2.jpeg/v1/fill/w_800,h_579,al_c,q_85/1bba6e_ba4ddc6cf6b941d193a583ce655c40ef_mv2.jpg]
[static.wixstatic.com/media/1bba6e_c1ac7e73ca6648d5baa30e9a69ec7ec6_mv2.jpeg/v1/fill/w_800,h_579,al_c,q_85/1bba6e_c1ac7e73ca6648d5baa30e9a69ec7ec6_mv2.jpg]
[static.wixstatic.com/media/1bba6e_ab148e83703a4e0f88ab75a0b0c02804_mv2.jpeg/v1/fill/w_800,h_579,al_c,q_85/1bba6e_ab148e83703a4e0f88ab75a0b0c02804_mv2.jpg]
[static.wixstatic.com/media/1bba6e_b61f648cff1942ca893b4295ccb6cb9c_mv2.jpg/v1/fill/w_45,h_45,al_c,q_50,usm_0.66_1.00_0.01/1bba6e_b61f648cff1942ca893b4295ccb6cb9c_mv2.jpg]
[static.wixstatic.com/media/1bba6e_470397a0113643dfa3f38cd8333aab3f_mv2.jpeg/v1/fill/w_45,h_45,al_c,q_50,usm_0.66_1.00_0.01/1bba6e_470397a0113643dfa3f38cd8333aab3f_mv2.jpg]
[static.wixstatic.com/media/1bba6e_ba4ddc6cf6b941d193a583ce655c40ef_mv2.jpeg/v1/fill/w_45,h_45,al_c,q_50,usm_0.66_1.00_0.01/1bba6e_ba4ddc6cf6b941d193a583ce655c40ef_mv2.jpg]
[static.wixstatic.com/media/1bba6e_c1ac7e73ca6648d5baa30e9a69ec7ec6_mv2.jpeg/v1/fill/w_45,h_45,al_c,q_50,usm_0.66_1.00_0.01/1bba6e_c1ac7e73ca6648d5baa30e9a69ec7ec6_mv2.jpg]
[static.wixstatic.com/media/1bba6e_ab148e83703a4e0f88ab75a0b0c02804_mv2.jpeg/v1/fill/w_45,h_45,al_c,q_50,usm_0.66_1.00_0.01/1bba6e_ab148e83703a4e0f88ab75a0b0c02804_mv2.jpg]
[www.duana.info/en/product-page/pendulum-radiesthésie.html]
[static.wixstatic.com/media/1bba6e_eac8a86955144945a1ebf8d2cb96df84_mv2.png/v1/fill/w_954,h_691,al_c/1bba6e_eac8a86955144945a1ebf8d2cb96df84_mv2.png]
[static.wixstatic.com/media/1bba6e_79a99856b7bf442c9ceeded0bc4ba07e_mv2.png/v1/fill/w_190,h_138,al_c,lg_1/1bba6e_79a99856b7bf442c9ceeded0bc4ba07e_mv2.png]
[static.wixstatic.com/media/1bba6e_a7240ac86a6a4f6994f942e4770247fb_mv2.png/v1/fill/w_220,h_159,al_c,lg_1/1bba6e_a7240ac86a6a4f6994f942e4770247fb_mv2.png]
[static.wixstatic.com/media/1bba6e_ebe1c623d0bc4045825b0e079e413308_mv2.png/v1/fill/w_209,h_151,al_c,lg_1/1bba6e_ebe1c623d0bc4045825b0e079e413308_mv2.png]
[static.wixstatic.com/media/1bba6e_12cc19beaf2647dd8f4450809ef52968_mv2.png/v1/fill/w_197,h_143,al_c,lg_1/1bba6e_12cc19beaf2647dd8f4450809ef52968_mv2.png]
[static.wixstatic.com/media/1bba6e_c19f8c37b283444c9bffcd09b1ec6a33_mv2.png/v1/fill/w_210,h_152,al_c,lg_1/1bba6e_c19f8c37b283444c9bffcd09b1ec6a33_mv2.png]
[static.wixstatic.com/media/1bba6e_bc1945386d19413589d378085aab1632_mv2.png/v1/fill/w_206,h_149,al_c,lg_1/1bba6e_bc1945386d19413589d378085aab1632_mv2.png]
[static.wixstatic.com/media/1bba6e_83e4db15e09348b5bbfda53d5d5496b0_mv2.png/v1/fill/w_216,h_156,al_c,lg_1/1bba6e_83e4db15e09348b5bbfda53d5d5496b0_mv2.png]
[static.wixstatic.com/media/1bba6e_efc72fe012e3410fa6ab39ddfe207ee1_mv2.png/v1/fill/w_343,h_248,al_c,lg_1/1bba6e_efc72fe012e3410fa6ab39ddfe207ee1_mv2.png]
[static.wixstatic.com/media/1bba6e_97fe57a134a0457b8cd86b7289b2f1bb_mv2.png/v1/fill/w_190,h_138,al_c,lg_1/1bba6e_97fe57a134a0457b8cd86b7289b2f1bb_mv2.png]
[static.wixstatic.com/media/1bba6e_b6dafa0247044c48846c88f92446800b_mv2.png/v1/fill/w_204,h_148,al_c,lg_1/1bba6e_b6dafa0247044c48846c88f92446800b_mv2.png]
[static.wixstatic.com/media/1bba6e_00c225c481b44c56ac7d477a1536934f_mv2.png/v1/fill/w_213,h_154,al_c,lg_1/1bba6e_00c225c481b44c56ac7d477a1536934f_mv2.png]
[static.wixstatic.com/media/1bba6e_37dda9a8805a4aa094cabbb2162af80c_mv2.png/v1/fill/w_210,h_152,al_c,lg_1/1bba6e_37dda9a8805a4aa094cabbb2162af80c_mv2.png]
[static.wixstatic.com/media/1bba6e_69bae7e4a6c841218bb7f2d5c17e4798_mv2.png/v1/fill/w_190,h_138,al_c,lg_1/1bba6e_69bae7e4a6c841218bb7f2d5c17e4798_mv2.png]
[static.wixstatic.com/media/1bba6e_f48adb2dba9b4095926d93e3715177b3_mv2.png/v1/fill/w_190,h_138,al_c,lg_1/1bba6e_f48adb2dba9b4095926d93e3715177b3_mv2.png]
[static.wixstatic.com/media/1bba6e_eac8a86955144945a1ebf8d2cb96df84_mv2.png/v1/fill/w_45,h_45,al_c,usm_0.66_1.00_0.01/1bba6e_eac8a86955144945a1ebf8d2cb96df84_mv2.png]
[static.wixstatic.com/media/1bba6e_79a99856b7bf442c9ceeded0bc4ba07e_mv2.png/v1/fill/w_45,h_45,al_c,usm_0.66_1.00_0.01/1bba6e_79a99856b7bf442c9ceeded0bc4ba07e_mv2.png]
[static.wixstatic.com/media/1bba6e_a7240ac86a6a4f6994f942e4770247fb_mv2.png/v1/fill/w_45,h_45,al_c,usm_0.66_1.00_0.01/1bba6e_a7240ac86a6a4f6994f942e4770247fb_mv2.png]
[static.wixstatic.com/media/1bba6e_ebe1c623d0bc4045825b0e079e413308_mv2.png/v1/fill/w_45,h_45,al_c,usm_0.66_1.00_0.01/1bba6e_ebe1c623d0bc4045825b0e079e413308_mv2.png]
[static.wixstatic.com/media/1bba6e_12cc19beaf2647dd8f4450809ef52968_mv2.png/v1/fill/w_45,h_45,al_c,usm_0.66_1.00_0.01/1bba6e_12cc19beaf2647dd8f4450809ef52968_mv2.png]
[static.wixstatic.com/media/1bba6e_c19f8c37b283444c9bffcd09b1ec6a33_mv2.png/v1/fill/w_45,h_45,al_c,usm_0.66_1.00_0.01/1bba6e_c19f8c37b283444c9bffcd09b1ec6a33_mv2.png]
[static.wixstatic.com/media/1bba6e_bc1945386d19413589d378085aab1632_mv2.png/v1/fill/w_45,h_45,al_c,usm_0.66_1.00_0.01/1bba6e_bc1945386d19413589d378085aab1632_mv2.png]
[static.wixstatic.com/media/1bba6e_83e4db15e09348b5bbfda53d5d5496b0_mv2.png/v1/fill/w_45,h_45,al_c,usm_0.66_1.00_0.01/1bba6e_83e4db15e09348b5bbfda53d5d5496b0_mv2.png]
[static.wixstatic.com/media/1bba6e_efc72fe012e3410fa6ab39ddfe207ee1_mv2.png/v1/fill/w_45,h_45,al_c,usm_0.66_1.00_0.01/1bba6e_efc72fe012e3410fa6ab39ddfe207ee1_mv2.png]
[static.wixstatic.com/media/1bba6e_97fe57a134a0457b8cd86b7289b2f1bb_mv2.png/v1/fill/w_45,h_45,al_c,usm_0.66_1.00_0.01/1bba6e_97fe57a134a0457b8cd86b7289b2f1bb_mv2.png]
[static.wixstatic.com/media/1bba6e_b6dafa0247044c48846c88f92446800b_mv2.png/v1/fill/w_45,h_45,al_c,usm_0.66_1.00_0.01/1bba6e_b6dafa0247044c48846c88f92446800b_mv2.png]
[static.wixstatic.com/media/1bba6e_00c225c481b44c56ac7d477a1536934f_mv2.png/v1/fill/w_45,h_45,al_c,usm_0.66_1.00_0.01/1bba6e_00c225c481b44c56ac7d477a1536934f_mv2.png]
[static.wixstatic.com/media/1bba6e_37dda9a8805a4aa094cabbb2162af80c_mv2.png/v1/fill/w_45,h_45,al_c,usm_0.66_1.00_0.01/1bba6e_37dda9a8805a4aa094cabbb2162af80c_mv2.png]
[static.wixstatic.com/media/1bba6e_69bae7e4a6c841218bb7f2d5c17e4798_mv2.png/v1/fill/w_45,h_45,al_c,usm_0.66_1.00_0.01/1bba6e_69bae7e4a6c841218bb7f2d5c17e4798_mv2.png]
[static.wixstatic.com/media/1bba6e_f48adb2dba9b4095926d93e3715177b3_mv2.png/v1/fill/w_45,h_45,al_c,usm_0.66_1.00_0.01/1bba6e_f48adb2dba9b4095926d93e3715177b3_mv2.png]
[www.duana.info/en/product-page/oracle.html]
[www.duana.info/en/account/my-bookings.html]
[www.duana.info/account/robots.146.delayed]
[www.duana.info/account/sitemap.147.delayed]
[www.duana.info/account/feed.148.delayed]
[www.duana.info/account/my-bookings.html]
[www.duana.info/account/decodeURIComponent(e.html]
[www.duana.info/product-page/robots.html]
[www.duana.info/product-page/sitemap.14b.delayed]
[www.duana.info/product-page/feed.14c.delayed]
[www.duana.info/product-page/decodeURIComponent(e.14d.delayed]
[www.duana.info/product-page/pierres-et-crystaux-divers.html]
[www.duana.info/product-page/oracles-divers.html]
[www.duana.info/product-page/sac-porteur-positif.html]
[www.duana.info/product-page/let-me-chose-a-special-quote-for-you.html]
[www.duana.info/product-page/rituels.html]
[www.duana.info/product-page/runes-en-pierre-naturelle-d-améthyste.html]
[www.duana.info/product-page/pendulum-radiesthésie.html]
[www.duana.info/product-page/oracle.html]
[www.duana.info/booking-calendar/robots.html]
[www.duana.info/booking-calendar/sitemap.html]
[www.duana.info/booking-calendar/feed.html]
[www.duana.info/en/booking-calendar/robots.html]
[www.duana.info/booking-calendar/decodeURIComponent(e.html]
[www.duana.info/en/product-page/robots.html]
[www.duana.info/en/product-page/sitemap.html]
[www.duana.info/en/product-page/feed.html]
[www.duana.info/en/product-page/decodeURIComponent(e.html]
[static.wixstatic.com/media/1bba6e_7b12e90218f740ad999a4d029d876ae2_mv2.gif]
[www.duana.info/en/booking-calendar/decodeURIComponent(e.html]
[www.duana.info/en/account/robots.150.delayed]
[www.duana.info/en/account/sitemap.151.delayed]
[www.duana.info/en/account/feed.152.delayed]
[www.duana.info/en/account/my-bookings.html]
[www.duana.info/account/robots.html]
[www.duana.info/account/sitemap.html]
[www.duana.info/account/feed.html]
[www.duana.info/account/decodeURIComponent(e.html]
[www.duana.info/product-page/robots.html]
[www.duana.info/product-page/sitemap.html]
[www.duana.info/product-page/feed.html]
[www.duana.info/product-page/decodeURIComponent(e.html]
[www.duana.info/en/account/decodeURIComponent(e.html]
[www.duana.info/en/booking-calendar/sitemap.154.delayed]
[www.duana.info/en/booking-calendar/feed.155.delayed]
[www.duana.info/en/booking-calendar/robots.html]
[www.duana.info/en/booking-calendar/decodeURIComponent(e.html]
[www.duana.info/en/account/robots.html]
[www.duana.info/en/account/sitemap.html]
[www.duana.info/en/account/feed.html]
[www.duana.info/en/account/decodeURIComponent(e.html]
[www.duana.info/en/booking-calendar/sitemap.html]
[www.duana.info/en/booking-calendar/feed.html]
[static.wixstatic.com/media/1bba6e_7b12e90218f740ad999a4d029d876ae2_mv2.gif]
[static.wixstatic.com/media/1bba6e_7b12e90218f740ad999a4d029d876ae2_mv2.gif]
